// Jest Snapshot v1, https://goo.gl/fbAQLP

exports[`Storyshots Avatar avatar 1`] = `
<RCTScrollView>
  <View>
    <View
      style={
        Array [
          Object {
            "borderRadius": 4,
            "height": 25,
            "width": 25,
          },
          undefined,
        ]
      }
    >
      <View
        style={
          Array [
            Object {
              "overflow": "hidden",
            },
            Object {
              "borderRadius": 4,
              "height": 25,
              "width": 25,
            },
          ]
        }
      >
        <FastImageView
          resizeMode="cover"
          source={
            Object {
              "priority": "high",
              "uri": "baseUrl/avatar/test?format=png&width=50&height=50",
            }
          }
          style={
            Object {
              "bottom": 0,
              "left": 0,
              "position": "absolute",
              "right": 0,
              "top": 0,
            }
          }
        />
      </View>
    </View>
    <View
      style={
        Array [
          Object {
            "borderRadius": 4,
            "height": 40,
            "width": 40,
          },
          undefined,
        ]
      }
    >
      <View
        style={
          Array [
            Object {
              "overflow": "hidden",
            },
            Object {
              "borderRadius": 4,
              "height": 40,
              "width": 40,
            },
          ]
        }
      >
        <FastImageView
          resizeMode="cover"
          source={
            Object {
              "priority": "high",
              "uri": "baseUrl/avatar/aa?format=png&width=50&height=50",
            }
          }
          style={
            Object {
              "bottom": 0,
              "left": 0,
              "position": "absolute",
              "right": 0,
              "top": 0,
            }
          }
        />
      </View>
    </View>
    <View
      style={
        Array [
          Object {
            "borderRadius": 4,
            "height": 30,
            "width": 30,
          },
          undefined,
        ]
      }
    >
      <View
        style={
          Array [
            Object {
              "overflow": "hidden",
            },
            Object {
              "borderRadius": 4,
              "height": 30,
              "width": 30,
            },
          ]
        }
      >
        <FastImageView
          resizeMode="cover"
          source={
            Object {
              "priority": "high",
              "uri": "baseUrl/avatar/bb?format=png&width=50&height=50",
            }
          }
          style={
            Object {
              "bottom": 0,
              "left": 0,
              "position": "absolute",
              "right": 0,
              "top": 0,
            }
          }
        />
      </View>
    </View>
    <View
      style={
        Array [
          Object {
            "borderRadius": 2,
            "height": 25,
            "width": 25,
          },
          undefined,
        ]
      }
    >
      <View
        style={
          Array [
            Object {
              "overflow": "hidden",
            },
            Object {
              "borderRadius": 2,
              "height": 25,
              "width": 25,
            },
          ]
        }
      >
        <FastImageView
          resizeMode="cover"
          source={
            Object {
              "priority": "high",
              "uri": "baseUrl/avatar/test?format=png&width=50&height=50",
            }
          }
          style={
            Object {
              "bottom": 0,
              "left": 0,
              "position": "absolute",
              "right": 0,
              "top": 0,
            }
          }
        />
      </View>
    </View>
  </View>
</RCTScrollView>
`;

exports[`Storyshots RoomItem list 1`] = `
<RCTScrollView>
  <View>
    <Text
      style={
        Array [
          Object {
            "fontSize": 20,
            "fontWeight": "300",
            "marginLeft": 10,
            "marginTop": 30,
          },
          undefined,
        ]
      }
    >
      Basic
    </Text>
    View
    <Text
      style={
        Array [
          Object {
            "fontSize": 20,
            "fontWeight": "300",
            "marginLeft": 10,
            "marginTop": 30,
          },
          undefined,
        ]
      }
    >
      User
    </Text>
    View
    View
    <Text
      style={
        Array [
          Object {
            "fontSize": 20,
            "fontWeight": "300",
            "marginLeft": 10,
            "marginTop": 30,
          },
          undefined,
        ]
      }
    >
      Type
    </Text>
    View
    View
    View
    View
    View
    <Text
      style={
        Array [
          Object {
            "fontSize": 20,
            "fontWeight": "300",
            "marginLeft": 10,
            "marginTop": 30,
          },
          undefined,
        ]
      }
    >
      Alerts
    </Text>
    View
    View
    View
    View
    View
    View
    View
    View
    View
    <Text
      style={
        Array [
          Object {
            "fontSize": 20,
            "fontWeight": "300",
            "marginLeft": 10,
            "marginTop": 30,
          },
          undefined,
        ]
      }
    >
      Last Message
    </Text>
    View
    View
    View
    View
    View
    View
  </View>
</RCTScrollView>
`;
